2026-01-28 13:40:43 - fraud_detection_gnn - INFO - TensorBoard logging to: results/logs\tensorboard\fraud_detection_gnn_20260128_134043
2026-01-28 13:40:43 - fraud_detection_gnn - INFO - ======================================================================
2026-01-28 13:40:43 - fraud_detection_gnn - INFO - FINANCIAL FRAUD DETECTION USING GRAPH NEURAL NETWORKS
2026-01-28 13:40:43 - fraud_detection_gnn - INFO - ======================================================================
2026-01-28 13:40:43 - fraud_detection_gnn - INFO - 
[1/7] Loading dataset...
2026-01-28 13:40:43 - fraud_detection_gnn - INFO - Loaded 10000 transactions
2026-01-28 13:40:43 - fraud_detection_gnn - INFO - 
[2/7] Preprocessing data...
2026-01-28 13:40:44 - fraud_detection_gnn - INFO - 
[3/7] Constructing transaction graph...
2026-01-28 13:40:55 - fraud_detection_gnn - INFO - Graph: 10000 nodes, 649295 edges
2026-01-28 13:40:55 - fraud_detection_gnn - INFO - 
[4/7] Creating GNN model...
2026-01-28 13:40:55 - fraud_detection_gnn - INFO - Model Architecture:
2026-01-28 13:40:55 - fraud_detection_gnn - INFO - JumpAttentionGNN(in_channels=26, hidden_channels=128, num_hops=3, attention_type=adaptive, dropout=0.3)
2026-01-28 13:40:55 - fraud_detection_gnn - INFO - Total parameters: 62,342
2026-01-28 13:40:55 - fraud_detection_gnn - INFO - Trainable parameters: 62,342
2026-01-28 13:40:55 - fraud_detection_gnn - INFO - 
[5/7] Training model...
2026-01-28 13:40:55 - fraud_detection_gnn - INFO - Starting training on device: cpu
2026-01-28 13:40:55 - fraud_detection_gnn - INFO - Training for 100 epochs
2026-01-28 13:40:56 - fraud_detection_gnn - INFO - Step 0 - train loss: 1.0054, accuracy: 0.8930
2026-01-28 13:40:56 - fraud_detection_gnn - INFO - Step 0 - val loss: 1.0370, accuracy: 0.2227
2026-01-28 13:40:57 - fraud_detection_gnn - INFO - Step 1 - train loss: 0.9829, accuracy: 0.9451
2026-01-28 13:40:57 - fraud_detection_gnn - INFO - Step 1 - val loss: 1.0293, accuracy: 0.8880
2026-01-28 13:40:58 - fraud_detection_gnn - INFO - Step 2 - train loss: 0.9828, accuracy: 0.9453
2026-01-28 13:40:58 - fraud_detection_gnn - INFO - Step 2 - val loss: 1.0231, accuracy: 0.9453
2026-01-28 13:40:59 - fraud_detection_gnn - INFO - Step 3 - train loss: 0.9824, accuracy: 0.9453
2026-01-28 13:40:59 - fraud_detection_gnn - INFO - Step 3 - val loss: 1.0194, accuracy: 0.9453
2026-01-28 13:41:01 - fraud_detection_gnn - INFO - Step 4 - train loss: 0.9788, accuracy: 0.9453
2026-01-28 13:41:01 - fraud_detection_gnn - INFO - Step 4 - val loss: 1.0177, accuracy: 0.9453
2026-01-28 13:41:02 - fraud_detection_gnn - INFO - Step 5 - train loss: 0.9780, accuracy: 0.9453
2026-01-28 13:41:02 - fraud_detection_gnn - INFO - Step 5 - val loss: 1.0175, accuracy: 0.9453
2026-01-28 13:41:03 - fraud_detection_gnn - INFO - Step 6 - train loss: 0.9751, accuracy: 0.9453
2026-01-28 13:41:03 - fraud_detection_gnn - INFO - Step 6 - val loss: 1.0180, accuracy: 0.9453
2026-01-28 13:41:04 - fraud_detection_gnn - INFO - Step 7 - train loss: 0.9701, accuracy: 0.9453
2026-01-28 13:41:04 - fraud_detection_gnn - INFO - Step 7 - val loss: 1.0185, accuracy: 0.9453
2026-01-28 13:41:05 - fraud_detection_gnn - INFO - Step 8 - train loss: 0.9694, accuracy: 0.9453
2026-01-28 13:41:05 - fraud_detection_gnn - INFO - Step 8 - val loss: 1.0185, accuracy: 0.9453
2026-01-28 13:41:06 - fraud_detection_gnn - INFO - Step 9 - train loss: 0.9686, accuracy: 0.9451
2026-01-28 13:41:06 - fraud_detection_gnn - INFO - Step 9 - val loss: 1.0173, accuracy: 0.9453
2026-01-28 13:41:07 - fraud_detection_gnn - INFO - Step 10 - train loss: 0.9689, accuracy: 0.9441
2026-01-28 13:41:07 - fraud_detection_gnn - INFO - Step 10 - val loss: 1.0150, accuracy: 0.9453
2026-01-28 13:41:08 - fraud_detection_gnn - INFO - Step 11 - train loss: 0.9667, accuracy: 0.9444
2026-01-28 13:41:08 - fraud_detection_gnn - INFO - Step 11 - val loss: 1.0117, accuracy: 0.9453
2026-01-28 13:41:09 - fraud_detection_gnn - INFO - Step 12 - train loss: 0.9629, accuracy: 0.9449
2026-01-28 13:41:09 - fraud_detection_gnn - INFO - Step 12 - val loss: 1.0077, accuracy: 0.9453
2026-01-28 13:41:10 - fraud_detection_gnn - INFO - Step 13 - train loss: 0.9613, accuracy: 0.9451
2026-01-28 13:41:10 - fraud_detection_gnn - INFO - Step 13 - val loss: 1.0034, accuracy: 0.9453
2026-01-28 13:41:11 - fraud_detection_gnn - INFO - Step 14 - train loss: 0.9605, accuracy: 0.9453
2026-01-28 13:41:11 - fraud_detection_gnn - INFO - Step 14 - val loss: 1.0007, accuracy: 0.9453
2026-01-28 13:41:12 - fraud_detection_gnn - INFO - Step 15 - train loss: 0.9623, accuracy: 0.9453
2026-01-28 13:41:12 - fraud_detection_gnn - INFO - Step 15 - val loss: 0.9983, accuracy: 0.9453
2026-01-28 13:41:14 - fraud_detection_gnn - INFO - Step 16 - train loss: 0.9572, accuracy: 0.9450
2026-01-28 13:41:14 - fraud_detection_gnn - INFO - Step 16 - val loss: 0.9962, accuracy: 0.9453
2026-01-28 13:41:15 - fraud_detection_gnn - INFO - Step 17 - train loss: 0.9590, accuracy: 0.9453
2026-01-28 13:41:15 - fraud_detection_gnn - INFO - Step 17 - val loss: 0.9945, accuracy: 0.9453
2026-01-28 13:41:15 - fraud_detection_gnn - INFO - Early stopping at epoch 17
2026-01-28 13:41:15 - fraud_detection_gnn - INFO - Training completed in 19.85 seconds
2026-01-28 13:41:15 - fraud_detection_gnn - INFO - Best validation accuracy: 0.9453
2026-01-28 13:41:15 - fraud_detection_gnn - INFO - 
[6/7] Evaluating model...
