2026-04-28 00:20:18 - fraud_detection_gnn - INFO - TensorBoard logging to: results/logs\tensorboard\fraud_detection_gnn_20260428_002018
2026-04-28 00:20:18 - fraud_detection_gnn - INFO - ======================================================================
2026-04-28 00:20:18 - fraud_detection_gnn - INFO - FINANCIAL FRAUD DETECTION USING GRAPH NEURAL NETWORKS
2026-04-28 00:20:18 - fraud_detection_gnn - INFO - ======================================================================
2026-04-28 00:20:18 - fraud_detection_gnn - INFO - 
[1/7] Loading dataset...
2026-04-28 00:20:18 - fraud_detection_gnn - INFO - Dataset selected: paysim
2026-04-28 00:20:31 - fraud_detection_gnn - INFO - Loaded 200000 transactions
2026-04-28 00:20:31 - fraud_detection_gnn - INFO - 
[2/7] Preprocessing data...
2026-04-28 00:20:31 - fraud_detection_gnn - INFO - 
[3/7] Constructing transaction graph...
2026-04-28 00:21:06 - fraud_detection_gnn - INFO - Graph: 200000 nodes, 10048741 edges
2026-04-28 00:21:06 - fraud_detection_gnn - INFO - 
[4/7] Creating GNN model...
2026-04-28 00:21:07 - fraud_detection_gnn - INFO - Model Architecture:
2026-04-28 00:21:07 - fraud_detection_gnn - INFO - JumpAttentionGNN(in_channels=11, hidden_channels=128, num_hops=3, attention_type=adaptive, dropout=0.3)
2026-04-28 00:21:07 - fraud_detection_gnn - INFO - Total parameters: 60,422
2026-04-28 00:21:07 - fraud_detection_gnn - INFO - Trainable parameters: 60,422
2026-04-28 00:21:07 - fraud_detection_gnn - INFO - 
[5/7] Training model...
2026-04-28 00:21:07 - fraud_detection_gnn - INFO - Skipping training (mode=eval). Using existing checkpoint.
2026-04-28 00:21:07 - fraud_detection_gnn - INFO - 
[6/7] Evaluating model...
2026-04-28 00:24:37 - fraud_detection_gnn - INFO - 
Test Set Performance:
2026-04-28 00:24:37 - fraud_detection_gnn - INFO -   ROC-AUC: 0.8200
2026-04-28 00:24:37 - fraud_detection_gnn - INFO -   PR-AUC: 0.4534
2026-04-28 00:24:37 - fraud_detection_gnn - INFO -   F1-Score: 0.1828
2026-04-28 00:24:37 - fraud_detection_gnn - INFO -   Precision: 0.1040
2026-04-28 00:24:37 - fraud_detection_gnn - INFO -   Recall: 0.7573
2026-04-28 00:24:37 - fraud_detection_gnn - INFO - 
[7/7] Generating explanations...
2026-04-28 00:24:44 - fraud_detection_gnn - INFO - 
Example Explanation (Node 9):
2026-04-28 00:24:44 - fraud_detection_gnn - INFO -   Predicted: Fraud (0.904)
2026-04-28 00:24:44 - fraud_detection_gnn - INFO -   True Label: Fraud
2026-04-28 00:24:44 - fraud_detection_gnn - INFO -   Top Features: [('feature_0', 0.00520770438015461), ('feature_9', 0.0048912507481873035), ('feature_4', 0.004008233081549406)]
2026-04-28 00:25:05 - fraud_detection_gnn - INFO - 
======================================================================
2026-04-28 00:25:05 - fraud_detection_gnn - INFO - TRAINING COMPLETE!
2026-04-28 00:25:05 - fraud_detection_gnn - INFO - ======================================================================
2026-04-28 00:25:05 - fraud_detection_gnn - INFO - Results saved to: results/
2026-04-28 00:25:05 - fraud_detection_gnn - INFO - Model checkpoints saved to: experiments/checkpoints
