2026-04-28 00:05:51 - fraud_detection_gnn - INFO - TensorBoard logging to: results/logs\tensorboard\fraud_detection_gnn_20260428_000551
2026-04-28 00:05:51 - fraud_detection_gnn - INFO - ======================================================================
2026-04-28 00:05:51 - fraud_detection_gnn - INFO - FINANCIAL FRAUD DETECTION USING GRAPH NEURAL NETWORKS
2026-04-28 00:05:51 - fraud_detection_gnn - INFO - ======================================================================
2026-04-28 00:05:51 - fraud_detection_gnn - INFO - 
[1/7] Loading dataset...
2026-04-28 00:05:51 - fraud_detection_gnn - INFO - Dataset selected: paysim
2026-04-28 00:06:03 - fraud_detection_gnn - INFO - Loaded 200000 transactions
2026-04-28 00:06:03 - fraud_detection_gnn - INFO - 
[2/7] Preprocessing data...
2026-04-28 00:06:04 - fraud_detection_gnn - INFO - 
[3/7] Constructing transaction graph...
2026-04-28 00:06:39 - fraud_detection_gnn - INFO - Graph: 200000 nodes, 10048741 edges
2026-04-28 00:06:39 - fraud_detection_gnn - INFO - 
[4/7] Creating GNN model...
2026-04-28 00:06:40 - fraud_detection_gnn - INFO - Model Architecture:
2026-04-28 00:06:40 - fraud_detection_gnn - INFO - JumpAttentionGNN(in_channels=11, hidden_channels=128, num_hops=3, attention_type=adaptive, dropout=0.3)
2026-04-28 00:06:40 - fraud_detection_gnn - INFO - Total parameters: 60,422
2026-04-28 00:06:40 - fraud_detection_gnn - INFO - Trainable parameters: 60,422
2026-04-28 00:06:40 - fraud_detection_gnn - INFO - 
[5/7] Training model...
2026-04-28 00:06:40 - fraud_detection_gnn - INFO - Skipping training (mode=eval). Using existing checkpoint.
2026-04-28 00:06:40 - fraud_detection_gnn - INFO - 
[6/7] Evaluating model...
