2026-04-26 23:47:03 - fraud_detection_gnn - INFO - TensorBoard logging to: results/logs\tensorboard\fraud_detection_gnn_20260426_234703
2026-04-26 23:47:03 - fraud_detection_gnn - INFO - ======================================================================
2026-04-26 23:47:03 - fraud_detection_gnn - INFO - FINANCIAL FRAUD DETECTION USING GRAPH NEURAL NETWORKS
2026-04-26 23:47:03 - fraud_detection_gnn - INFO - ======================================================================
2026-04-26 23:47:03 - fraud_detection_gnn - INFO - 
[1/7] Loading dataset...
2026-04-26 23:47:03 - fraud_detection_gnn - INFO - Dataset selected: paysim
2026-04-26 23:47:31 - fraud_detection_gnn - INFO - Loaded 200000 transactions
2026-04-26 23:47:31 - fraud_detection_gnn - INFO - 
[2/7] Preprocessing data...
2026-04-26 23:47:31 - fraud_detection_gnn - INFO - 
[3/7] Constructing transaction graph...
2026-04-26 23:48:55 - fraud_detection_gnn - INFO - Graph: 200000 nodes, 10048741 edges
2026-04-26 23:48:55 - fraud_detection_gnn - INFO - 
[4/7] Creating GNN model...
2026-04-26 23:48:55 - fraud_detection_gnn - INFO - Model Architecture:
2026-04-26 23:48:55 - fraud_detection_gnn - INFO - JumpAttentionGNN(in_channels=11, hidden_channels=128, num_hops=3, attention_type=adaptive, dropout=0.3)
2026-04-26 23:48:55 - fraud_detection_gnn - INFO - Total parameters: 60,422
2026-04-26 23:48:55 - fraud_detection_gnn - INFO - Trainable parameters: 60,422
2026-04-26 23:48:55 - fraud_detection_gnn - INFO - 
[5/7] Training model...
2026-04-26 23:48:56 - fraud_detection_gnn - INFO - Starting training on device: cpu
2026-04-26 23:48:56 - fraud_detection_gnn - INFO - Training for 100 epochs
2026-04-26 23:58:25 - fraud_detection_gnn - INFO - Step 0 - train loss: 0.5739, accuracy: 0.9420
2026-04-26 23:58:25 - fraud_detection_gnn - INFO - Step 0 - val loss: 0.5385, accuracy: 0.9448
2026-04-27 00:08:20 - fraud_detection_gnn - INFO - Step 1 - train loss: 0.5359, accuracy: 0.9430
2026-04-27 00:08:20 - fraud_detection_gnn - INFO - Step 1 - val loss: 0.5249, accuracy: 0.9462
2026-04-27 00:18:02 - fraud_detection_gnn - INFO - Step 2 - train loss: 0.5277, accuracy: 0.9421
2026-04-27 00:18:02 - fraud_detection_gnn - INFO - Step 2 - val loss: 0.5207, accuracy: 0.9488
2026-04-27 00:27:38 - fraud_detection_gnn - INFO - Step 3 - train loss: 0.5195, accuracy: 0.9406
2026-04-27 00:27:38 - fraud_detection_gnn - INFO - Step 3 - val loss: 0.5149, accuracy: 0.9451
2026-04-27 00:37:08 - fraud_detection_gnn - INFO - Step 4 - train loss: 0.5163, accuracy: 0.9416
2026-04-27 00:37:08 - fraud_detection_gnn - INFO - Step 4 - val loss: 0.5053, accuracy: 0.9439
2026-04-27 00:46:29 - fraud_detection_gnn - INFO - Step 5 - train loss: 0.5083, accuracy: 0.9412
2026-04-27 00:46:29 - fraud_detection_gnn - INFO - Step 5 - val loss: 0.5004, accuracy: 0.9409
2026-04-27 00:55:56 - fraud_detection_gnn - INFO - Step 6 - train loss: 0.5034, accuracy: 0.9396
2026-04-27 00:55:56 - fraud_detection_gnn - INFO - Step 6 - val loss: 0.4977, accuracy: 0.9416
2026-04-27 01:05:15 - fraud_detection_gnn - INFO - Step 7 - train loss: 0.5043, accuracy: 0.9396
2026-04-27 01:05:15 - fraud_detection_gnn - INFO - Step 7 - val loss: 0.4966, accuracy: 0.9399
2026-04-27 01:14:25 - fraud_detection_gnn - INFO - Step 8 - train loss: 0.5006, accuracy: 0.9396
2026-04-27 01:14:25 - fraud_detection_gnn - INFO - Step 8 - val loss: 0.4921, accuracy: 0.9370
2026-04-27 01:23:44 - fraud_detection_gnn - INFO - Step 9 - train loss: 0.4991, accuracy: 0.9377
2026-04-27 01:23:44 - fraud_detection_gnn - INFO - Step 9 - val loss: 0.4954, accuracy: 0.9390
2026-04-27 01:33:14 - fraud_detection_gnn - INFO - Step 10 - train loss: 0.4991, accuracy: 0.9396
2026-04-27 01:33:14 - fraud_detection_gnn - INFO - Step 10 - val loss: 0.4932, accuracy: 0.9389
2026-04-27 01:43:00 - fraud_detection_gnn - INFO - Step 11 - train loss: 0.4967, accuracy: 0.9385
2026-04-27 01:43:00 - fraud_detection_gnn - INFO - Step 11 - val loss: 0.4854, accuracy: 0.9410
2026-04-27 01:52:50 - fraud_detection_gnn - INFO - Step 12 - train loss: 0.4943, accuracy: 0.9405
2026-04-27 01:52:50 - fraud_detection_gnn - INFO - Step 12 - val loss: 0.4907, accuracy: 0.9452
2026-04-27 02:02:58 - fraud_detection_gnn - INFO - Step 13 - train loss: 0.4938, accuracy: 0.9406
2026-04-27 02:02:58 - fraud_detection_gnn - INFO - Step 13 - val loss: 0.4933, accuracy: 0.9448
2026-04-27 02:13:07 - fraud_detection_gnn - INFO - Step 14 - train loss: 0.4858, accuracy: 0.9408
2026-04-27 02:13:07 - fraud_detection_gnn - INFO - Step 14 - val loss: 0.4871, accuracy: 0.9471
2026-04-27 02:23:18 - fraud_detection_gnn - INFO - Step 15 - train loss: 0.4886, accuracy: 0.9396
2026-04-27 02:23:18 - fraud_detection_gnn - INFO - Step 15 - val loss: 0.4944, accuracy: 0.9454
2026-04-27 02:33:36 - fraud_detection_gnn - INFO - Step 16 - train loss: 0.4865, accuracy: 0.9388
2026-04-27 02:33:36 - fraud_detection_gnn - INFO - Step 16 - val loss: 0.4833, accuracy: 0.9428
2026-04-27 02:44:03 - fraud_detection_gnn - INFO - Step 17 - train loss: 0.4859, accuracy: 0.9394
2026-04-27 02:44:03 - fraud_detection_gnn - INFO - Step 17 - val loss: 0.4816, accuracy: 0.9451
2026-04-27 02:44:03 - fraud_detection_gnn - INFO - Early stopping at epoch 17
2026-04-27 02:44:03 - fraud_detection_gnn - INFO - Training completed in 10506.83 seconds
2026-04-27 02:44:03 - fraud_detection_gnn - INFO - Best validation accuracy: 0.9488
2026-04-27 02:44:03 - fraud_detection_gnn - INFO - 
[6/7] Evaluating model...
