2026-04-26 21:29:20 - fraud_detection_gnn - INFO - TensorBoard logging to: results/logs\tensorboard\fraud_detection_gnn_20260426_212920
2026-04-26 21:29:20 - fraud_detection_gnn - INFO - ======================================================================
2026-04-26 21:29:20 - fraud_detection_gnn - INFO - FINANCIAL FRAUD DETECTION USING GRAPH NEURAL NETWORKS
2026-04-26 21:29:20 - fraud_detection_gnn - INFO - ======================================================================
2026-04-26 21:29:20 - fraud_detection_gnn - INFO - 
[1/7] Loading dataset...
2026-04-26 21:29:20 - fraud_detection_gnn - INFO - Loaded 10000 transactions
2026-04-26 21:29:20 - fraud_detection_gnn - INFO - 
[2/7] Preprocessing data...
2026-04-26 21:29:20 - fraud_detection_gnn - INFO - 
[3/7] Constructing transaction graph...
2026-04-26 21:29:32 - fraud_detection_gnn - INFO - Graph: 10000 nodes, 649295 edges
2026-04-26 21:29:32 - fraud_detection_gnn - INFO - 
[4/7] Creating GNN model...
2026-04-26 21:29:32 - fraud_detection_gnn - INFO - Model Architecture:
2026-04-26 21:29:32 - fraud_detection_gnn - INFO - JumpAttentionGNN(in_channels=26, hidden_channels=128, num_hops=3, attention_type=adaptive, dropout=0.3)
2026-04-26 21:29:32 - fraud_detection_gnn - INFO - Total parameters: 62,342
2026-04-26 21:29:32 - fraud_detection_gnn - INFO - Trainable parameters: 62,342
2026-04-26 21:29:32 - fraud_detection_gnn - INFO - 
[5/7] Training model...
2026-04-26 21:29:32 - fraud_detection_gnn - INFO - Starting training on device: cpu
2026-04-26 21:29:32 - fraud_detection_gnn - INFO - Training for 100 epochs
2026-04-26 21:29:34 - fraud_detection_gnn - INFO - Step 0 - train loss: 1.0596, accuracy: 0.2389
2026-04-26 21:29:34 - fraud_detection_gnn - INFO - Step 0 - val loss: 1.0371, accuracy: 0.2900
2026-04-26 21:29:35 - fraud_detection_gnn - INFO - Step 1 - train loss: 1.0129, accuracy: 0.7257
2026-04-26 21:29:35 - fraud_detection_gnn - INFO - Step 1 - val loss: 1.0311, accuracy: 0.6287
2026-04-26 21:29:36 - fraud_detection_gnn - INFO - Step 2 - train loss: 0.9869, accuracy: 0.9393
2026-04-26 21:29:36 - fraud_detection_gnn - INFO - Step 2 - val loss: 1.0240, accuracy: 0.9453
2026-04-26 21:29:37 - fraud_detection_gnn - INFO - Step 3 - train loss: 0.9783, accuracy: 0.9453
2026-04-26 21:29:37 - fraud_detection_gnn - INFO - Step 3 - val loss: 1.0164, accuracy: 0.9453
2026-04-26 21:29:39 - fraud_detection_gnn - INFO - Step 4 - train loss: 0.9764, accuracy: 0.9453
2026-04-26 21:29:39 - fraud_detection_gnn - INFO - Step 4 - val loss: 1.0097, accuracy: 0.9453
2026-04-26 21:29:40 - fraud_detection_gnn - INFO - Step 5 - train loss: 0.9809, accuracy: 0.9453
2026-04-26 21:29:40 - fraud_detection_gnn - INFO - Step 5 - val loss: 1.0049, accuracy: 0.9453
2026-04-26 21:29:41 - fraud_detection_gnn - INFO - Step 6 - train loss: 0.9828, accuracy: 0.9453
2026-04-26 21:29:41 - fraud_detection_gnn - INFO - Step 6 - val loss: 1.0020, accuracy: 0.9453
2026-04-26 21:29:43 - fraud_detection_gnn - INFO - Step 7 - train loss: 0.9832, accuracy: 0.9453
2026-04-26 21:29:43 - fraud_detection_gnn - INFO - Step 7 - val loss: 1.0005, accuracy: 0.9453
2026-04-26 21:29:44 - fraud_detection_gnn - INFO - Step 8 - train loss: 0.9770, accuracy: 0.9453
2026-04-26 21:29:44 - fraud_detection_gnn - INFO - Step 8 - val loss: 1.0001, accuracy: 0.9453
2026-04-26 21:29:45 - fraud_detection_gnn - INFO - Step 9 - train loss: 0.9703, accuracy: 0.9453
2026-04-26 21:29:45 - fraud_detection_gnn - INFO - Step 9 - val loss: 1.0004, accuracy: 0.9453
2026-04-26 21:29:46 - fraud_detection_gnn - INFO - Step 10 - train loss: 0.9705, accuracy: 0.9453
2026-04-26 21:29:46 - fraud_detection_gnn - INFO - Step 10 - val loss: 1.0010, accuracy: 0.9453
2026-04-26 21:29:47 - fraud_detection_gnn - INFO - Step 11 - train loss: 0.9642, accuracy: 0.9453
2026-04-26 21:29:47 - fraud_detection_gnn - INFO - Step 11 - val loss: 1.0019, accuracy: 0.9453
2026-04-26 21:29:49 - fraud_detection_gnn - INFO - Step 12 - train loss: 0.9653, accuracy: 0.9453
2026-04-26 21:29:49 - fraud_detection_gnn - INFO - Step 12 - val loss: 1.0026, accuracy: 0.9453
2026-04-26 21:29:50 - fraud_detection_gnn - INFO - Step 13 - train loss: 0.9641, accuracy: 0.9453
2026-04-26 21:29:50 - fraud_detection_gnn - INFO - Step 13 - val loss: 1.0030, accuracy: 0.9453
2026-04-26 21:29:51 - fraud_detection_gnn - INFO - Step 14 - train loss: 0.9623, accuracy: 0.9453
2026-04-26 21:29:51 - fraud_detection_gnn - INFO - Step 14 - val loss: 1.0023, accuracy: 0.9453
2026-04-26 21:29:52 - fraud_detection_gnn - INFO - Step 15 - train loss: 0.9617, accuracy: 0.9451
2026-04-26 21:29:52 - fraud_detection_gnn - INFO - Step 15 - val loss: 1.0014, accuracy: 0.9453
2026-04-26 21:29:54 - fraud_detection_gnn - INFO - Step 16 - train loss: 0.9649, accuracy: 0.9453
2026-04-26 21:29:54 - fraud_detection_gnn - INFO - Step 16 - val loss: 1.0004, accuracy: 0.9453
2026-04-26 21:29:55 - fraud_detection_gnn - INFO - Step 17 - train loss: 0.9602, accuracy: 0.9453
2026-04-26 21:29:55 - fraud_detection_gnn - INFO - Step 17 - val loss: 0.9991, accuracy: 0.9453
2026-04-26 21:29:55 - fraud_detection_gnn - INFO - Early stopping at epoch 17
2026-04-26 21:29:55 - fraud_detection_gnn - INFO - Training completed in 22.93 seconds
2026-04-26 21:29:55 - fraud_detection_gnn - INFO - Best validation accuracy: 0.9453
2026-04-26 21:29:55 - fraud_detection_gnn - INFO - 
[6/7] Evaluating model...
2026-04-26 21:30:06 - fraud_detection_gnn - INFO - 
Test Set Performance:
2026-04-26 21:30:06 - fraud_detection_gnn - INFO -   ROC-AUC: 0.5418
2026-04-26 21:30:06 - fraud_detection_gnn - INFO -   PR-AUC: 0.0714
2026-04-26 21:30:06 - fraud_detection_gnn - INFO -   F1-Score: 0.0000
2026-04-26 21:30:06 - fraud_detection_gnn - INFO -   Precision: 0.0000
2026-04-26 21:30:06 - fraud_detection_gnn - INFO -   Recall: 0.0000
2026-04-26 21:30:06 - fraud_detection_gnn - INFO - 
[7/7] Generating explanations...
2026-04-26 21:30:31 - fraud_detection_gnn - INFO - 
Example Explanation (Node 10):
2026-04-26 21:30:31 - fraud_detection_gnn - INFO -   Predicted: Normal (0.494)
2026-04-26 21:30:31 - fraud_detection_gnn - INFO -   True Label: Fraud
2026-04-26 21:30:31 - fraud_detection_gnn - INFO -   Top Features: [('feature_1', 0.0006207269616425037), ('feature_16', 0.0005331787397153676), ('feature_10', 0.0004546730197034776)]
2026-04-26 21:30:37 - fraud_detection_gnn - INFO - 
======================================================================
2026-04-26 21:30:37 - fraud_detection_gnn - INFO - TRAINING COMPLETE!
2026-04-26 21:30:37 - fraud_detection_gnn - INFO - ======================================================================
2026-04-26 21:30:37 - fraud_detection_gnn - INFO - Results saved to: results/
2026-04-26 21:30:37 - fraud_detection_gnn - INFO - Model checkpoints saved to: experiments/checkpoints
